<html>
<body>
<pre>
<h1>µVision Build Log</h1>
<h2>Tool Versions:</h2>
IDE-Version: µVision V5.35.0.0
Copyright (C) 2021 ARM Ltd and ARM Germany GmbH. All rights reserved.
License Information: akshay Kumar, akshay, LIC=21E4T-RBZA0-748S0-B0BUK-8AHN7-V5DRM
 
Tool Versions:
Toolchain:       MDK-ARM Plus  Version: 5.35.0.2
Toolchain Path:  C:\Keil_v5\ARM\ARMCC\Bin
C Compiler:      Armcc.exe V5.06 update 7 (build 960)
Assembler:       Armasm.exe V5.06 update 7 (build 960)
Linker/Locator:  ArmLink.exe V5.06 update 7 (build 960)
Library Manager: ArmAr.exe V5.06 update 7 (build 960)
Hex Converter:   FromElf.exe V5.06 update 7 (build 960)
CPU DLL:         SARM.DLL V5.35.0.0
Dialog DLL:      DARMP.DLL V1.53.0.0
Target DLL:      UL2ARM.DLL V1.74.14.0
Dialog DLL:      TARMP.DLL V1.53.0.0
 
<h2>Project:</h2>
F:\online\ahmed\lpc2138\first.uvproj
Project File Date:  12/11/2021

<h2>Output:</h2>
*** Using Compiler 'V5.06 update 7 (build 960)', folder: 'C:\Keil_v5\ARM\ARMCC\Bin'
Rebuild target 'Target 1'
assembling Startup.s...
compiling lcd.c...
lcd.c(34): warning:  #951-D: return type of function "main" must be "int"
  void main()
lcd.c(65): warning:  #1-D: last line of file ends without a newline
  }
lcd.c: 2 warnings, 0 errors
linking...
Program Size: Code=1060 RO-data=16 RW-data=0 ZI-data=1256  
FromELF: creating hex file...
".\Objects\first.axf" - 0 Error(s), 2 Warning(s).
Build Time Elapsed:  00:00:01
</pre>
</body>
</html>
